Resuming: 4291 members indexed, 25 already read
  note: bgmea_factories.xlsx is open in another program; wrote bgmea_factories.locked.xlsx instead. Close bgmea_factories.xlsx to let the next checkpoint update it.
  [50/4291]  48/min  ETA 88 min
  note: bgmea_factories.xlsx is open in another program; wrote bgmea_factories.locked.xlsx instead. Close bgmea_factories.xlsx to let the next checkpoint update it.
  [75/4291]  49/min  ETA 87 min
  note: bgmea_factories.xlsx is open in another program; wrote bgmea_factories.locked.xlsx instead. Close bgmea_factories.xlsx to let the next checkpoint update it.
  [100/4291]  49/min  ETA 86 min
  note: bgmea_factories.xlsx is open in another program; wrote bgmea_factories.locked.xlsx instead. Close bgmea_factories.xlsx to let the next checkpoint update it.
  [125/4291]  48/min  ETA 86 min
  note: bgmea_factories.xlsx is open in another program; wrote bgmea_factories.locked.xlsx instead. Close bgmea_factories.xlsx to let the next checkpoint update it.
  [150/4291]  48/min  ETA 86 min
  note: bgmea_factories.xlsx is open in another program; wrote bgmea_factories.locked.xlsx instead. Close bgmea_factories.xlsx to let the next checkpoint update it.
  [175/4291]  48/min  ETA 85 min
  note: bgmea_factories.xlsx is open in another program; wrote bgmea_factories.locked.xlsx instead. Close bgmea_factories.xlsx to let the next checkpoint update it.
  [200/4291]  49/min  ETA 84 min
  note: bgmea_factories.xlsx is open in another program; wrote bgmea_factories.locked.xlsx instead. Close bgmea_factories.xlsx to let the next checkpoint update it.
  [225/4291]  49/min  ETA 84 min
  note: bgmea_factories.xlsx is open in another program; wrote bgmea_factories.locked.xlsx instead. Close bgmea_factories.xlsx to let the next checkpoint update it.
  [250/4291]  49/min  ETA 83 min
  note: bgmea_factories.xlsx is open in another program; wrote bgmea_factories.locked.xlsx instead. Close bgmea_factories.xlsx to let the next checkpoint update it.
  [275/4291]  49/min  ETA 83 min
  note: bgmea_factories.xlsx is open in another program; wrote bgmea_factories.locked.xlsx instead. Close bgmea_factories.xlsx to let the next checkpoint update it.
  [300/4291]  48/min  ETA 82 min
  note: bgmea_factories.xlsx is open in another program; wrote bgmea_factories.locked.xlsx instead. Close bgmea_factories.xlsx to let the next checkpoint update it.
  [325/4291]  48/min  ETA 82 min
  note: bgmea_factories.xlsx is open in another program; wrote bgmea_factories.locked.xlsx instead. Close bgmea_factories.xlsx to let the next checkpoint update it.
  [350/4291]  48/min  ETA 81 min
  note: bgmea_factories.xlsx is open in another program; wrote bgmea_factories.locked.xlsx instead. Close bgmea_factories.xlsx to let the next checkpoint update it.
  [375/4291]  48/min  ETA 81 min
  note: bgmea_factories.xlsx is open in another program; wrote bgmea_factories.locked.xlsx instead. Close bgmea_factories.xlsx to let the next checkpoint update it.
  [400/4291]  48/min  ETA 80 min
  note: bgmea_factories.xlsx is open in another program; wrote bgmea_factories.locked.xlsx instead. Close bgmea_factories.xlsx to let the next checkpoint update it.
  [425/4291]  48/min  ETA 80 min
  note: bgmea_factories.xlsx is open in another program; wrote bgmea_factories.locked.xlsx instead. Close bgmea_factories.xlsx to let the next checkpoint update it.
  [450/4291]  48/min  ETA 79 min
  note: bgmea_factories.xlsx is open in another program; wrote bgmea_factories.locked.xlsx instead. Close bgmea_factories.xlsx to let the next checkpoint update it.
  [475/4291]  48/min  ETA 79 min
  note: bgmea_factories.xlsx is open in another program; wrote bgmea_factories.locked.xlsx instead. Close bgmea_factories.xlsx to let the next checkpoint update it.
  [500/4291]  48/min  ETA 78 min
  note: bgmea_factories.xlsx is open in another program; wrote bgmea_factories.locked.xlsx instead. Close bgmea_factories.xlsx to let the next checkpoint update it.
  [525/4291]  48/min  ETA 78 min
  note: bgmea_factories.xlsx is open in another program; wrote bgmea_factories.locked.xlsx instead. Close bgmea_factories.xlsx to let the next checkpoint update it.
  [550/4291]  48/min  ETA 77 min
  note: bgmea_factories.xlsx is open in another program; wrote bgmea_factories.locked.xlsx instead. Close bgmea_factories.xlsx to let the next checkpoint update it.
  [575/4291]  48/min  ETA 77 min
  note: bgmea_factories.xlsx is open in another program; wrote bgmea_factories.locked.xlsx instead. Close bgmea_factories.xlsx to let the next checkpoint update it.
  [600/4291]  48/min  ETA 76 min
  note: bgmea_factories.xlsx is open in another program; wrote bgmea_factories.locked.xlsx instead. Close bgmea_factories.xlsx to let the next checkpoint update it.
  [625/4291]  48/min  ETA 76 min
  note: bgmea_factories.xlsx is open in another program; wrote bgmea_factories.locked.xlsx instead. Close bgmea_factories.xlsx to let the next checkpoint update it.
  [650/4291]  48/min  ETA 75 min
  note: bgmea_factories.xlsx is open in another program; wrote bgmea_factories.locked.xlsx instead. Close bgmea_factories.xlsx to let the next checkpoint update it.
  [675/4291]  48/min  ETA 75 min
  note: bgmea_factories.xlsx is open in another program; wrote bgmea_factories.locked.xlsx instead. Close bgmea_factories.xlsx to let the next checkpoint update it.
  [700/4291]  48/min  ETA 74 min
  note: bgmea_factories.xlsx is open in another program; wrote bgmea_factories.locked.xlsx instead. Close bgmea_factories.xlsx to let the next checkpoint update it.
  [725/4291]  48/min  ETA 74 min
  note: bgmea_factories.xlsx is open in another program; wrote bgmea_factories.locked.xlsx instead. Close bgmea_factories.xlsx to let the next checkpoint update it.
  [750/4291]  48/min  ETA 73 min
  note: bgmea_factories.xlsx is open in another program; wrote bgmea_factories.locked.xlsx instead. Close bgmea_factories.xlsx to let the next checkpoint update it.
  [775/4291]  48/min  ETA 73 min
  note: bgmea_factories.xlsx is open in another program; wrote bgmea_factories.locked.xlsx instead. Close bgmea_factories.xlsx to let the next checkpoint update it.
  [800/4291]  48/min  ETA 72 min
  note: bgmea_factories.xlsx is open in another program; wrote bgmea_factories.locked.xlsx instead. Close bgmea_factories.xlsx to let the next checkpoint update it.
  [825/4291]  48/min  ETA 72 min
  note: bgmea_factories.xlsx is open in another program; wrote bgmea_factories.locked.xlsx instead. Close bgmea_factories.xlsx to let the next checkpoint update it.
  [850/4291]  48/min  ETA 71 min
  [875/4291]  48/min  ETA 71 min
  [900/4291]  48/min  ETA 70 min
  [925/4291]  48/min  ETA 70 min
  [950/4291]  48/min  ETA 69 min
  [975/4291]  48/min  ETA 69 min
  [1000/4291]  48/min  ETA 68 min
  [1025/4291]  48/min  ETA 68 min
  [1050/4291]  48/min  ETA 67 min
  [1075/4291]  48/min  ETA 67 min
  [1100/4291]  48/min  ETA 66 min
  [1125/4291]  48/min  ETA 66 min
  [1150/4291]  48/min  ETA 65 min
  [1175/4291]  48/min  ETA 65 min
  [1200/4291]  48/min  ETA 64 min
  [1225/4291]  48/min  ETA 64 min
  [1250/4291]  48/min  ETA 63 min
  [1275/4291]  48/min  ETA 63 min
  [1300/4291]  48/min  ETA 62 min
  [1325/4291]  48/min  ETA 62 min
  [1350/4291]  48/min  ETA 61 min
  [1375/4291]  48/min  ETA 61 min
  [1400/4291]  48/min  ETA 60 min
  [1425/4291]  48/min  ETA 60 min
  [1450/4291]  48/min  ETA 60 min
  [1475/4291]  48/min  ETA 59 min
  [1500/4291]  48/min  ETA 59 min
  [1525/4291]  48/min  ETA 58 min
  [1550/4291]  47/min  ETA 58 min
  [1575/4291]  47/min  ETA 57 min
  [1600/4291]  47/min  ETA 57 min
  [1625/4291]  47/min  ETA 56 min
  [1650/4291]  47/min  ETA 56 min
  [1675/4291]  47/min  ETA 55 min
  [1700/4291]  47/min  ETA 55 min
  [1725/4291]  47/min  ETA 55 min
  [1750/4291]  47/min  ETA 54 min
  [1775/4291]  47/min  ETA 54 min
  [1800/4291]  47/min  ETA 53 min
  [1825/4291]  46/min  ETA 53 min
  [1850/4291]  46/min  ETA 53 min
  [1875/4291]  46/min  ETA 52 min
  [1900/4291]  46/min  ETA 52 min
  [1925/4291]  46/min  ETA 51 min
  [1950/4291]  46/min  ETA 51 min
  [1975/4291]  46/min  ETA 50 min
  [2000/4291]  46/min  ETA 50 min
  [2025/4291]  46/min  ETA 49 min
  [2050/4291]  46/min  ETA 49 min
  [2075/4291]  46/min  ETA 48 min
  [2100/4291]  46/min  ETA 48 min
  [2125/4291]  46/min  ETA 47 min
  [2150/4291]  46/min  ETA 47 min
  [2175/4291]  46/min  ETA 46 min
  [2200/4291]  46/min  ETA 46 min
  [2225/4291]  46/min  ETA 45 min
  [2250/4291]  46/min  ETA 45 min
  [2275/4291]  45/min  ETA 44 min
  [2300/4291]  45/min  ETA 44 min
  [2325/4291]  45/min  ETA 43 min
  [2350/4291]  45/min  ETA 43 min
  [2375/4291]  45/min  ETA 42 min
  [2400/4291]  45/min  ETA 42 min
  [2425/4291]  45/min  ETA 41 min
  [2450/4291]  45/min  ETA 41 min
  [2475/4291]  45/min  ETA 40 min
  [2500/4291]  45/min  ETA 40 min
  [2525/4291]  45/min  ETA 39 min
  [2550/4291]  45/min  ETA 39 min
  [2575/4291]  45/min  ETA 38 min
  [2600/4291]  45/min  ETA 38 min
  [2625/4291]  45/min  ETA 37 min
  [2650/4291]  45/min  ETA 37 min
  [2675/4291]  45/min  ETA 36 min
  [2700/4291]  45/min  ETA 35 min
  [2725/4291]  45/min  ETA 35 min
  [2750/4291]  45/min  ETA 34 min
  [2775/4291]  45/min  ETA 34 min
  [2800/4291]  45/min  ETA 33 min
  [2825/4291]  45/min  ETA 33 min
  [2850/4291]  45/min  ETA 32 min
  [2875/4291]  45/min  ETA 32 min
  [2900/4291]  45/min  ETA 31 min
  [2925/4291]  45/min  ETA 31 min
  [2950/4291]  45/min  ETA 30 min
  [2975/4291]  45/min  ETA 30 min
  [3000/4291]  45/min  ETA 29 min
  [3025/4291]  45/min  ETA 28 min
  [3050/4291]  45/min  ETA 28 min
  [3075/4291]  44/min  ETA 27 min
  [3100/4291]  44/min  ETA 27 min
  [3125/4291]  44/min  ETA 26 min
  [3150/4291]  44/min  ETA 26 min
  [3175/4291]  44/min  ETA 25 min
  [3200/4291]  44/min  ETA 25 min
  [3225/4291]  44/min  ETA 24 min
  [3250/4291]  44/min  ETA 23 min
  [3275/4291]  44/min  ETA 23 min
  [3300/4291]  44/min  ETA 22 min
  [3325/4291]  44/min  ETA 22 min
  [3350/4291]  44/min  ETA 21 min
  [3375/4291]  44/min  ETA 21 min
  [3400/4291]  44/min  ETA 20 min
  [3425/4291]  44/min  ETA 20 min
  [3450/4291]  44/min  ETA 19 min
  [3475/4291]  44/min  ETA 18 min
  [3500/4291]  44/min  ETA 18 min
  [3525/4291]  44/min  ETA 17 min
  [3550/4291]  44/min  ETA 17 min
  [3575/4291]  44/min  ETA 16 min
  [3600/4291]  44/min  ETA 16 min
  [3625/4291]  44/min  ETA 15 min
  [3650/4291]  44/min  ETA 15 min
  [3675/4291]  44/min  ETA 14 min
  [3700/4291]  44/min  ETA 13 min
  [3725/4291]  44/min  ETA 13 min
  [3750/4291]  44/min  ETA 12 min
  [3775/4291]  44/min  ETA 12 min
  [3800/4291]  44/min  ETA 11 min
  [3825/4291]  44/min  ETA 11 min
  [3850/4291]  44/min  ETA 10 min
  [3875/4291]  44/min  ETA 9 min
  [3900/4291]  44/min  ETA 9 min
  [3925/4291]  44/min  ETA 8 min
  [3950/4291]  44/min  ETA 8 min
  [3975/4291]  44/min  ETA 7 min
  [4000/4291]  43/min  ETA 7 min
  [4025/4291]  43/min  ETA 6 min
  [4050/4291]  43/min  ETA 6 min
  [4075/4291]  43/min  ETA 5 min
  [4100/4291]  43/min  ETA 4 min
  [4125/4291]  43/min  ETA 4 min
  [4150/4291]  43/min  ETA 3 min
  [4175/4291]  43/min  ETA 3 min
  [4200/4291]  43/min  ETA 2 min
  [4225/4291]  43/min  ETA 2 min
  [4250/4291]  42/min  ETA 1 min
  [4275/4291]  42/min  ETA 0 min

==============================================
  Members indexed     : 4291
  Factories written   : 4291
  All nine fields     : 1056
  Some fields blank   : 3235
  Output              : D:\work\BIDS\BGMEA\bgmea_selenium\output\bgmea_factories.xlsx
  Audit / reasons     : D:\work\BIDS\BGMEA\bgmea_selenium\output\bgmea_factories_audit.xlsx
==============================================
